<html>
  <body>
    <div id="wrapper" class="container">
      <p class="wow foooo">OMG</p><!-- ðŸ‘ˆ This Element has .wow !!! -->
    </div>
  </body>
</html>
