<!doctype html>
<html>
  <head>
  </head>
  <body>
    <div id="wrapper">
      <h1 id="mainTitle" class="title title--large">Title</h1>
      <!-- /#mainTitle.title.title--large -->
      <p class="text">Text</p>
      <!-- /.text -->
    </div>
    <!-- /#wrapper -->
  </body>
</html>
